{
    "a": "linux",
    "b": "linux",
    "blah": {
        "g": 6
    }
}