{
    "a": "osx",
    "b": "osx",
    "blah": {
        "g": 6
    }
}