{
    "name": "nw-demo",
    "version": "0.1.0",
    "main": "index.html",
    "window": {
        "frame": true,
        "toolbar": false
    },
    "x": ["z"],
    "abc": [1],
    "def": {"x":1}
}