{
    "name": "nw-demo",
    "version": "0.1.0",
    "main": "index.html",
    "window": {
        "frame": true,
        "toolbar": false
    }
}