{
    "a": "win",
    "b": "win32",
    "blah": {
        "g": 6
    }
}