{
    "a": "win",
    "b": "win64",
    "blah": {
        "g": "win64g"
    }
}