{
    "a": "linux",
    "b": "linux32",
    "blah": {
        "g": "linux64g"
    }
}