{
    "a": "osx",
    "b": "osx32",
    "blah": {
        "g": "osx64g"
    }
}